// Jest Snapshot v1, https://goo.gl/fbAQLP

exports[`Landing View snapshot should match snapshot 1`] = `
<v-row
  align-content="center"
  class="ga__home_view"
>
  <v-col
    class="ga__home_view__left"
    cols="10"
    md="5"
    sm="5"
  />
   
  <v-col
    class="ga__home_view__right"
    cols="12"
    md="7"
    sm="7"
  >
    <div
      class="text-md-h4 grey--text text--darken-1"
    >
      Here is your
    </div>
     
    <div
      class="text-overline font-weight-light white--text ga__home_view__right__title"
    >
      
      IPass
    
    </div>
     
    <div>
      <v-btn
        class="mt-3 mb-3"
        color="teal lighten-2"
        outlined=""
        x-large=""
      >
        Sign Up
      </v-btn>
    </div>
     
    <div>
      <v-btn
        class="mb-3"
        color="deep-orange lighten-1"
        outlined=""
        x-large=""
      >
        Log In
      </v-btn>
    </div>
     
    <div>
      <v-btn
        color="yellow lighten-2"
        outlined=""
        x-large=""
      >
        Learn More
      </v-btn>
    </div>
  </v-col>
</v-row>
`;
